================================================================================
批量实验训练日志
实验名称: batch_experiment
开始时间: 2025-11-10 08:07:27
================================================================================

[08:07:27] 🚀 开始三阶段训练流程 (v2统一配置):
[08:07:27] 📊 开始阶段1: AutoEncoder预训练...
[08:07:27] 🖥️ 使用设备: cuda
[08:07:27] 🔧 训练模式: wavelet
[08:07:27] 🔧 数据预处理配置: 标准化=True, dB变换=False
[08:07:27] 🔧 原始RCS数据范围: [0.0000, 0.5428]
[08:07:27] 📊 Step 1: 在原始RCS线性域数据上执行小波变换...
[08:07:27] 📊 小波系数范围（线性域）: [-0.3837, 0.9852]
[08:07:27] 📊 Step 2: 对小波系数应用预处理（dB变换 + 标准化）...
[08:07:27] 📊 预处理后小波系数范围: [-42.5738, 38.9017]
[08:07:27] 📊 阶段1数据划分: 训练集 80 样本, 验证集 20 样本
[08:07:27] 📋 训练集样本标号: [1, 3, 4, 5, 6, 7, 9, 10, 11, 12, 13, 15, 16, 17, 18, 19, 20, 21, 22, 24]...
[08:07:27] 📋 验证集样本标号: [0, 2, 8, 14, 23, 25, 26, 28, 30, 39, 49, 53, 54, 55, 64, 76, 77, 90, 91, 92]
[08:07:27]    (仅显示前20个标号，完整标号请查看详细日志)
[08:07:27] 📊 实际使用: 训练集 80 样本, 验证集 20 样本
[08:07:29] 阶段1使用MSE损失函数 (小波系数重建)
[08:07:30]   阶段1 Epoch   10/100: Train=1.031998, Val=0.582011, LR=1.00e-03
[08:07:30]   阶段1 Epoch   20/100: Train=1.005507, Val=0.562634, LR=1.00e-03
[08:07:31]   阶段1 Epoch   30/100: Train=0.970215, Val=0.553373, LR=1.00e-03
[08:07:32]   阶段1 Epoch   40/100: Train=0.961936, Val=0.548246, LR=1.00e-03
[08:07:32]   阶段1 Epoch   50/100: Train=0.953791, Val=0.543552, LR=1.00e-03
[08:07:33]   🛑 早停触发 (Epoch 59): 验证损失连续10轮无改善
[08:07:33] ✅ 阶段1: AutoEncoder预训练完成，最佳验证损失: 0.540845
[08:07:33] 🎯 开始阶段2: 参数映射训练...
[08:07:33] 🔧 获取隐空间表示 (mode=wavelet)...
[08:07:33] 📊 隐空间维度: torch.Size([100, 32])
[08:07:33] 📊 阶段2数据划分: 训练集 80 样本, 验证集 20 样本
[08:07:33] 📋 训练集样本标号: [1, 3, 4, 5, 6, 7, 9, 10, 11, 12, 13, 15, 16, 17, 18, 19, 20, 21, 22, 24]...
[08:07:33] 📋 验证集样本标号: [0, 2, 8, 14, 23, 25, 26, 28, 30, 39, 49, 53, 54, 55, 64, 76, 77, 90, 91, 92]
[08:07:33]    (仅显示前20个标号，完整标号请查看详细日志)
[08:07:33] 阶段2使用MSE损失函数 (隐空间向量匹配)
[08:07:33]   阶段2 Epoch   10/50: Train=5269.812817, Val=909.494104, LR=1.00e-03
[08:07:33]   阶段2 Epoch   20/50: Train=5215.629883, Val=906.901099, LR=1.00e-03
[08:07:34]   阶段2 Epoch   30/50: Train=4939.673022, Val=899.229041, LR=1.00e-03
[08:07:34]   阶段2 Epoch   40/50: Train=4683.265955, Val=890.579993, LR=1.00e-03
[08:07:34]   阶段2 Epoch   50/50: Train=4395.589941, Val=890.502881, LR=1.00e-03
[08:07:34] ✅ 阶段2: 参数映射训练完成，最佳验证损失: 881.884045
[08:07:34] ⚡ 开始阶段3: 端到端微调...
[08:07:34] 🔧 准备目标数据 (mode=wavelet)...
[08:07:34] 📊 小波系数 → 预处理后范围: [-42.5738, 38.9017]
[08:07:34] 📊 阶段3数据划分: 训练集 80 样本, 验证集 20 样本
[08:07:34] 📋 训练集样本标号: [1, 3, 4, 5, 6, 7, 9, 10, 11, 12, 13, 15, 16, 17, 18, 19, 20, 21, 22, 24]...
[08:07:34] 📋 验证集样本标号: [0, 2, 8, 14, 23, 25, 26, 28, 30, 39, 49, 53, 54, 55, 64, 76, 77, 90, 91, 92]
[08:07:34]    (仅显示前20个标号，完整标号请查看详细日志)
[08:07:34] 阶段3使用标准MSE损失函数
[08:07:34]   阶段3 Epoch    5/20: Train=1.006191, Val=0.585863, LR=1.00e-04
[08:07:34]   阶段3 Epoch   10/20: Train=0.998856, Val=0.582699, LR=1.00e-04
[08:07:35]   🛑 早停触发 (Epoch 14): 验证损失连续5轮无改善
[08:07:35] ✅ 阶段3: 端到端微调完成，最佳验证损失: 0.582623
[08:07:35] 🎉 三阶段训练完成!
[08:07:45] 🚀 开始三阶段训练流程 (v2统一配置):
[08:07:45] 📊 开始阶段1: AutoEncoder预训练...
[08:07:45] 🖥️ 使用设备: cuda
[08:07:45] 🔧 训练模式: wavelet
[08:07:45] 🔧 数据预处理配置: 标准化=True, dB变换=False
[08:07:45] 🔧 原始RCS数据范围: [0.0000, 0.5428]
[08:07:45] 📊 Step 1: 在原始RCS线性域数据上执行小波变换...
[08:07:45] 📊 小波系数范围（线性域）: [-0.3837, 0.9852]
[08:07:45] 📊 Step 2: 对小波系数应用预处理（dB变换 + 标准化）...
[08:07:45] 📊 预处理后小波系数范围: [-42.5738, 38.9017]
[08:07:45] 📊 阶段1数据划分: 训练集 80 样本, 验证集 20 样本
[08:07:45] 📋 训练集样本标号: [1, 3, 4, 5, 6, 7, 9, 10, 11, 12, 13, 15, 16, 17, 18, 19, 20, 21, 22, 24]...
[08:07:45] 📋 验证集样本标号: [0, 2, 8, 14, 23, 25, 26, 28, 30, 39, 49, 53, 54, 55, 64, 76, 77, 90, 91, 92]
[08:07:45]    (仅显示前20个标号，完整标号请查看详细日志)
[08:07:45] 📊 实际使用: 训练集 80 样本, 验证集 20 样本
[08:07:45] 阶段1使用MSE损失函数 (小波系数重建)
[08:07:46]   阶段1 Epoch   10/100: Train=1.013614, Val=0.656925, LR=1.00e-03
[08:07:46]   阶段1 Epoch   20/100: Train=0.995549, Val=0.568496, LR=1.00e-03
[08:07:47]   🛑 早停触发 (Epoch 29): 验证损失连续10轮无改善
[08:07:47] ✅ 阶段1: AutoEncoder预训练完成，最佳验证损失: 0.545183
[08:07:47] 🎯 开始阶段2: 参数映射训练...
[08:07:47] 🔧 获取隐空间表示 (mode=wavelet)...
[08:07:47] 📊 隐空间维度: torch.Size([100, 32])
[08:07:47] 📊 阶段2数据划分: 训练集 80 样本, 验证集 20 样本
[08:07:47] 📋 训练集样本标号: [1, 3, 4, 5, 6, 7, 9, 10, 11, 12, 13, 15, 16, 17, 18, 19, 20, 21, 22, 24]...
[08:07:47] 📋 验证集样本标号: [0, 2, 8, 14, 23, 25, 26, 28, 30, 39, 49, 53, 54, 55, 64, 76, 77, 90, 91, 92]
[08:07:47]    (仅显示前20个标号，完整标号请查看详细日志)
[08:07:47] 阶段2使用MSE损失函数 (隐空间向量匹配)
[08:07:48]   阶段2 Epoch   10/50: Train=2.152895, Val=1.629739, LR=1.00e-03
[08:07:48]   🛑 早停触发 (Epoch 19): 验证损失连续10轮无改善
[08:07:48] ✅ 阶段2: 参数映射训练完成，最佳验证损失: 1.623008
[08:07:48] ⚡ 开始阶段3: 端到端微调...
[08:07:48] 🔧 准备目标数据 (mode=wavelet)...
[08:07:48] 📊 小波系数 → 预处理后范围: [-42.5738, 38.9017]
[08:07:48] 📊 阶段3数据划分: 训练集 80 样本, 验证集 20 样本
[08:07:48] 📋 训练集样本标号: [1, 3, 4, 5, 6, 7, 9, 10, 11, 12, 13, 15, 16, 17, 18, 19, 20, 21, 22, 24]...
[08:07:48] 📋 验证集样本标号: [0, 2, 8, 14, 23, 25, 26, 28, 30, 39, 49, 53, 54, 55, 64, 76, 77, 90, 91, 92]
[08:07:48]    (仅显示前20个标号，完整标号请查看详细日志)
[08:07:48] 阶段3使用标准MSE损失函数
[08:07:48]   阶段3 Epoch    5/20: Train=1.021594, Val=0.578742, LR=1.00e-04
[08:07:48]   阶段3 Epoch   10/20: Train=1.020635, Val=0.580245, LR=1.00e-04
[08:07:48]   🛑 早停触发 (Epoch 10): 验证损失连续5轮无改善
[08:07:48] ✅ 阶段3: 端到端微调完成，最佳验证损失: 0.578742
[08:07:48] 🎉 三阶段训练完成!

================================================================================
批量实验结束时间: 2025-11-10 08:08:04
================================================================================
